== build ==
built

== tier 1: interpreter self-test ==
PASS hello world
PASS binary echo (NUL and high byte)
PASS comma at EOF leaves cell unchanged
PASS left of cell 0 is an error
PASS cell wraps 0 to 255
PASS semicolon comments are inert

== tier 9: legibility and portability ==
PASS bflint self-test
PASS lint chacha20/add32.bf
PASS lint chacha20/quarterround.bf
PASS lint chacha20/rotl32.bf
PASS lint chacha20/xor32.bf

== tiers 2 and 4: primitives, dual oracle ==
PASS add32 18+52
PASS add32 carry cascade
PASS add32 cross byte carry
PASS add32 mixed
PASS add32 zero
PASS add32 max plus max
PASS rotl32 by 1
PASS rotl32 by 8
PASS rotl32 by 16
PASS rotl32 top bit wraps
PASS rotl32 by 12
PASS rotl32 by 7
PASS xor32 all ones
PASS xor32 identity
PASS xor32 self is zero
PASS xor32 mixed
PASS xor32 alternating
PASS quarterround RFC 8439 section 2.2.1

== summary ==
passed 29, failed 0
